10-17 01:01:55.278  2923  3065 D GestureStubView_Touch: disableTouch    old=false   new=false
10-17 01:01:55.278  2923  3065 D GestureStubView: showGestureStub
10-17 01:01:55.293  2923  3065 D GestureStubView: gatherTransparentRegion: need render w:54  h:1440
10-17 01:01:55.293  2923  3065 D GestureStubView: gatherTransparentRegion: need render w:54  h:1440
10-17 01:01:55.298 11812 11812 D DecorView[]: onWindowFocusChanged hasWindowFocus false
10-17 01:01:55.299  2873  9390 I SarService: Receiver polling >>>> Change receiver mode: off
10-17 01:01:55.302  1010  3811 E ANDR-PERF-LM: ThreadHelper: thread_callback() 145: More than one pending updates!!! This should not happen. MeterMgr should avoid this case.
10-17 01:01:55.304  2073  2146 I ActivityTaskManager: Displayed com.example.dogglers/androidx.test.core.app.InstrumentationActivityInvoker$EmptyActivity: +127ms
10-17 01:01:55.306  1010  3811 E ANDR-PERF-LM: ThreadHelper: thread_callback() 145: More than one pending updates!!! This should not happen. MeterMgr should avoid this case.
10-17 01:01:55.319 11812 11812 D LifecycleMonitor: Lifecycle status change: androidx.test.core.app.InstrumentationActivityInvoker$EmptyActivity@75c9c7b in: STOPPED
10-17 01:01:55.320 11812 11812 V ActivityScenario: Activity lifecycle changed event received but ignored because the intent does not match. startActivityIntent=Intent { act=android.intent.action.MAIN cat=[android.intent.category.LAUNCHER] cmp=com.example.dogglers/.VerticalListActivity }, activity.getIntent()=Intent { act=android.intent.action.MAIN cat=[android.intent.category.LAUNCHER] flg=0x10000000 cmp=com.example.dogglers/androidx.test.core.app.InstrumentationActivityInvoker$EmptyActivity }, activity=androidx.test.core.app.InstrumentationActivityInvoker$EmptyActivity@75c9c7b
10-17 01:01:55.331  2073  5216 D ActivityTrigger: ActivityTrigger activityPauseTrigger
10-17 01:01:55.335 11812 11812 D DecorView[]: onWindowFocusChanged hasWindowFocus true
10-17 01:01:55.336  2923 31272 D RecentsModel: onTaskStackChangedBackground
10-17 01:01:55.337  2923  3294 D RecentsModel: onTaskStackChangedBackground    MSG_TASK_STACK_CHANGE
10-17 01:01:55.337  2923  3294 D RecentsModel: preloadRecents
10-17 01:01:55.337  2923  3294 W RecentsModel: getRunningTask
10-17 01:01:55.337  6468 10471 I MultiScreenObserver: onTaskStackChanged, splitScreenMode: false isCameraFloat: false isSmallScreen: false
10-17 01:01:55.337  2923  2923 D EventBus: No subscribers registered for event class com.miui.home.recents.messages.TaskSnapshotChangedEvent
10-17 01:01:55.337  2923  2923 D EventBus: No subscribers registered for event class org.greenrobot.eventbus.NoSubscriberEvent
10-17 01:01:55.338  4592  4592 I GoogleInputMethodService: GoogleInputMethodService.onFinishInput():3280
10-17 01:01:55.339  4592  4592 I GoogleInputMethodService: GoogleInputMethodService.updateDeviceLockedStatus():2169 repeatCheckTimes = 0, unlocked = true
10-17 01:01:55.339  4592  4592 I GoogleInputMethodService: GoogleInputMethodService.onStartInput():1960 onStartInput(EditorInfo{inputType=0x0(NULL) imeOptions=0x0 privateImeOptions=null actionName=UNSPECIFIED actionLabel=null actionId=0 initialSelStart=-1 initialSelEnd=-1 initialCapsMode=0x0 hintText=null label=null packageName=com.example.dogglers fieldId=-1 fieldName=null extras=null}, false)
10-17 01:01:55.339  4592  4592 I GoogleInputMethodService: GoogleInputMethodService.shouldHideHeaderOnInitialState():4081 ShouldHideHeaderOnInitialState = false
10-17 01:01:55.340  4592  4592 I GoogleInputMethodService: GoogleInputMethodService.updateDeviceLockedStatus():2169 repeatCheckTimes = 2, unlocked = true
10-17 01:01:55.340  2923  3294 W RecentsModel: getRunningTask   taskInfo=TaskInfo{userId=0 taskId=3461 displayId=0 isRunning=true baseIntent=Intent { act=android.intent.action.MAIN cat=[android.intent.category.LAUNCHER] flg=0x10200000 cmp=com.android.settings/.MainSettings } baseActivity=ComponentInfo{com.android.settings/com.android.settings.MainSettings} topActivity=ComponentInfo{com.android.settings/com.android.settings.SubSettings} origActivity=ComponentInfo{com.android.settings/com.android.settings.MainSettings} realActivity=ComponentInfo{com.android.settings/com.android.settings.MiuiSettings} numActivities=4 lastActiveTime=268309990 supportsSplitScreenMultiWindow=true supportsMultiWindow=true resizeMode=1 isResizeable=true token=WCT{android.window.IWindowContainerToken$Stub$Proxy@4ff3a39} topActivityType=1 pictureInPictureParams=null displayCutoutSafeInsets=Rect(0, 102 - 0, 0) topActivityInfo=ActivityInfo{57f587e com.android.settings.SubSettings} launchCookies=[] positionInParent=Point(0, 0) parentTaskId=-1 isFocused=false isVisible=false topActivityInSizeCompat=false locusId= null windowMode=0}
10-17 01:01:55.340  2923  3294 W RecentsModel: getTaskInfoIgnoreHomeAndFreeform   taskInfo=ComponentInfo{com.android.settings/com.android.settings.MainSettings}
10-17 01:01:55.342  2923  3294 E ActivityManagerWrapper: get all recent tasks force including 3461
10-17 01:01:55.347 11812 11812 D LifecycleMonitor: Lifecycle status change: androidx.test.core.app.InstrumentationActivityInvoker$EmptyActivity@75c9c7b in: DESTROYED
10-17 01:01:55.348  2535  2554 D AppScoutStateMachine: 2535-ScoutStateMachinecreated
10-17 01:01:55.348 11812 11812 V ActivityScenario: Activity lifecycle changed event received but ignored because the intent does not match. startActivityIntent=Intent { act=android.intent.action.MAIN cat=[android.intent.category.LAUNCHER] cmp=com.example.dogglers/.VerticalListActivity }, activity.getIntent()=Intent { act=android.intent.action.MAIN cat=[android.intent.category.LAUNCHER] flg=0x10000000 cmp=com.example.dogglers/androidx.test.core.app.InstrumentationActivityInvoker$EmptyActivity }, activity=androidx.test.core.app.InstrumentationActivityInvoker$EmptyActivity@75c9c7b
10-17 01:01:55.348  2923  3294 E ActivityManagerWrapper: getRecentTasks: size=5
10-17 01:01:55.348  2923  3294 E ActivityManagerWrapper: getRecentTasks: taskId=3543   userId=0   baseIntent=Intent { act=android.intent.action.MAIN flag=268468224 cmp=ComponentInfo{com.example.dogglers/androidx.test.core.app.InstrumentationActivityInvoker$BootstrapActivity} }
10-17 01:01:55.348  2923  3294 E ActivityManagerWrapper: getRecentTasks: taskId=3461   userId=0   baseIntent=Intent { act=android.intent.action.MAIN flag=270532608 cmp=ComponentInfo{com.android.settings/com.android.settings.MainSettings} }
10-17 01:01:55.348  2923  3294 E ActivityManagerWrapper: getRecentTasks: taskId=3497   userId=0   baseIntent=Intent { act=android.intent.action.MAIN flag=270532608 cmp=ComponentInfo{com.android.contacts/com.android.contacts.activities.TwelveKeyDialer} }
10-17 01:01:55.348  2923  3294 E ActivityManagerWrapper: getRecentTasks: taskId=3491   userId=0   baseIntent=Intent { act=android.intent.action.MAIN flag=270532608 cmp=ComponentInfo{com.google.android.apps.photos/com.google.android.apps.photos.home.HomeActivity} }
10-17 01:01:55.348  2923  3294 E ActivityManagerWrapper: getRecentTasks: taskId=3460   userId=0   baseIntent=Intent { act=android.intent.action.MAIN flag=270532608 cmp=ComponentInfo{com.zhiliaoapp.musically/com.ss.android.ugc.aweme.splash.SplashActivity} }
10-17 01:01:55.349  2073  2331 I MiuiNetworkPolicy: updateUidState uid = 10154, uidState = 3
10-17 01:01:55.349  2073  5209 W InputManager-JNI: Input channel object 'c7bacf com.example.dogglers/androidx.test.core.app.InstrumentationActivityInvoker$EmptyActivity (client)' was disposed without first being removed with the input manager!
10-17 01:01:55.359 11812 11812 D LifecycleMonitor: Lifecycle status change: androidx.test.core.app.InstrumentationActivityInvoker$EmptyActivity@e3432ae in: PAUSED
10-17 01:01:55.361 11812 11812 V ActivityScenario: Activity lifecycle changed event received but ignored because the intent does not match. startActivityIntent=Intent { act=android.intent.action.MAIN cat=[android.intent.category.LAUNCHER] cmp=com.example.dogglers/.VerticalListActivity }, activity.getIntent()=Intent { act=android.intent.action.MAIN cat=[android.intent.category.LAUNCHER] flg=0x10000000 cmp=com.example.dogglers/androidx.test.core.app.InstrumentationActivityInvoker$EmptyActivity }, activity=androidx.test.core.app.InstrumentationActivityInvoker$EmptyActivity@e3432ae
10-17 01:01:55.365  1010  1057 W ANDR-PERF-LM: MetaMeter: handlePrimaryAsync() 118: AdaptLaunch MetaMeter. No MeterMgr Available to handle this Primary Async. !!!!
10-17 01:01:55.365  1010  1057 W ANDR-PERF-LM: MetaMeter: handlePrimaryAsync() 118: AdaptLaunch MetaMeter. No MeterMgr Available to handle this Primary Async. !!!!
10-17 01:01:55.376  2923  2963 D AppObserver: ForegroundInfo{mForegroundPackageName='com.android.settings', mForegroundUid=1000, mForegroundPid=2535, mLastForegroundPackageName='com.example.dogglers', mLastForegroundUid=10319, mLastForegroundPid=11812, mMultiWindowForegroundPackageName='com.android.settings', mMultiWindowForegroundUid=1000, mFlags=0}
10-17 01:01:55.376  7458 11336 I GST     : forePkg: com.android.settings, preForePkg: com.example.dogglers
10-17 01:01:55.377  6468  8042 D PerfEngineController: ForegroundInfo{mForegroundPackageName='com.android.settings', mForegroundUid=1000, mForegroundPid=2535, mLastForegroundPackageName='com.example.dogglers', mLastForegroundUid=10319, mLastForegroundPid=11812, mMultiWindowForegroundPackageName='com.android.settings', mMultiWindowForegroundUid=1000, mFlags=0}
10-17 01:01:55.377 19847 19859 D AutoInstallService: onForegroundInfoChanged: com.android.settings
10-17 01:01:55.377  4690 21647 I ProcessMonitor: onForegroundInfoChanged: ForegroundInfo{mForegroundPackageName='com.android.settings', mForegroundUid=1000, mForegroundPid=2535, mLastForegroundPackageName='com.example.dogglers', mLastForegroundUid=10319, mLastForegroundPid=11812, mMultiWindowForegroundPackageName='com.android.settings', mMultiWindowForegroundUid=1000, mFlags=0}
10-17 01:01:55.377  6468  7611 D ThermalIECHandler: IECAll48Allowed: false; IECMonitorAllowed: false; IECTestState: false
10-17 01:01:55.378  6468  7665 I ThermalInfoCollector: collectForgroundAppsInfo: com.example.dogglers
10-17 01:01:55.378  6468  7499 D LS-ForegroundStatusManager: handleMessage ForegroundInfoChanged. pkg = com.android.settings, uid = 1000, mCurrentForegroundUid = 10319
10-17 01:01:55.378  4690 21647 I GameBoosterService: onForegroundInfoChanged: Cur=com.android.settings	 last=com.example.dogglers
10-17 01:01:55.378  6468  7499 D LS-ForegroundStatusManager: onForegroundChanged mCurrentForegroundUid = 10319, new uid = 1000
10-17 01:01:55.378  6468  7499 D LS-ForegroundStatusManager: handleMessage ForegroundInfoChanged. pkg = com.android.settings, uid = 1000, mCurrentForegroundUid = 1000
10-17 01:01:55.378 11812 11812 D DecorView[]: onWindowFocusChanged hasWindowFocus false
10-17 01:01:55.378  4690 21647 D GameBoosterService: onGameStatusChange foreground:ForegroundInfo{mForegroundPackageName='com.android.settings', mForegroundUid=1000, mForegroundPid=2535, mLastForegroundPackageName='com.example.dogglers', mLastForegroundUid=10319, mLastForegroundPid=11812, mMultiWindowForegroundPackageName='com.android.settings', mMultiWindowForegroundUid=1000, mFlags=0}
10-17 01:01:55.378  4690 21647 I GameBoosterService: onForegroundInfoChanged: Exit
10-17 01:01:55.379  4690 21647 I VideoBoxUtils: isSupportVideoBox: false
10-17 01:01:55.379  4690 21647 I VideoToolBoxService: onForegroundInfoChanged: Exit Vtb
10-17 01:01:55.379 11812 11833 I TestRunner: finished: vertical_scroll_content_at_first_position(com.example.dogglers.VerticalListTests)
