10-17 01:01:50.785  2923  3065 D GestureStubView_Touch: disableTouchBySwipeStatusBar    old=false   new=false
10-17 01:01:50.785  2923  3065 W RecentsImpl: disableBackStubWindow    disableTouch=false
10-17 01:01:50.785  2923  3065 D GestureStubView_Touch: disableTouch    old=false   new=false
10-17 01:01:50.785  2923  3065 D GestureStubView_Touch: disableTouch    old=false   new=false
10-17 01:01:50.785  2923  3065 D RecentsImpl: showBackStubWindow  hasNavigationBar=true
10-17 01:01:50.785  2923  3065 D GestureStubView_Touch: setKeepHidden    old=false   new=false
10-17 01:01:50.785  2923  3065 W GestureStubView: adaptRotation   currentRotation=0   mRotation=0
10-17 01:01:50.785  2923  3065 D GestureStubView: resetRenderProperty: showGestureStub   isLayoutParamChanged=false
10-17 01:01:50.786  2923  3065 D GestureStubView_Touch: disableTouch    old=false   new=false
10-17 01:01:50.786  2923  3065 D GestureStubView: showGestureStub
10-17 01:01:50.786  2923  3065 D GestureStubView_Touch: setKeepHidden    old=false   new=false
10-17 01:01:50.786  2923  3065 W GestureStubView: adaptRotation   currentRotation=0   mRotation=0
10-17 01:01:50.786  2923  3065 D GestureStubView: resetRenderProperty: showGestureStub   isLayoutParamChanged=false
10-17 01:01:50.786  2923  3065 D GestureStubView_Touch: disableTouch    old=false   new=false
10-17 01:01:50.786  2923  3065 D GestureStubView: showGestureStub
10-17 01:01:50.798  2923  3065 D GestureStubView: gatherTransparentRegion: need render w:54  h:1440
10-17 01:01:50.798  2923  3065 D GestureStubView: gatherTransparentRegion: need render w:54  h:1440
10-17 01:01:50.820  1010  3809 E ANDR-PERF-LM: StatsProvider: stats_nl_error_callback() 115: NL SOC receive error: No such process
10-17 01:01:50.820  1010  3809 E ANDR-PERF-LM: StatsProvider: sendRecvData() 272: nl_recvmsgs failed return=-12
10-17 01:01:50.820  1010  3809 E ANDR-PERF-LM: StatsProvider: getPIDStats() 124: sendRecvData returned error = -4
10-17 01:01:50.835  1010  3811 E ANDR-PERF-LM: ThreadHelper: thread_callback() 145: More than one pending updates!!! This should not happen. MeterMgr should avoid this case.
10-17 01:01:50.836   982  2315 E libnav  : AbaGetState return state 3 for feature 4
10-17 01:01:50.837 11812 11812 D DecorView[]: onWindowFocusChanged hasWindowFocus false
10-17 01:01:50.838  2073  2146 I ActivityTaskManager: Displayed com.example.dogglers/androidx.test.core.app.InstrumentationActivityInvoker$EmptyActivity: +133ms
10-17 01:01:50.842  1010  3811 E ANDR-PERF-LM: ThreadHelper: thread_callback() 145: More than one pending updates!!! This should not happen. MeterMgr should avoid this case.
10-17 01:01:50.846  2923  8235 D RecentsModel: onTaskStackChangedBackground
10-17 01:01:50.846  2923  3294 D RecentsModel: onTaskStackChangedBackground    MSG_TASK_STACK_CHANGE
10-17 01:01:50.846  2923  3294 D RecentsModel: preloadRecents
10-17 01:01:50.846  2923  3294 W RecentsModel: getRunningTask
10-17 01:01:50.846  6468  9432 I MultiScreenObserver: onTaskStackChanged, splitScreenMode: false isCameraFloat: false isSmallScreen: false
10-17 01:01:50.847  2923  3294 W RecentsModel: getRunningTask   taskInfo=TaskInfo{userId=0 taskId=3540 displayId=0 isRunning=true baseIntent=Intent { act=android.intent.action.MAIN cat=[android.intent.category.LAUNCHER] flg=0x10008000 cmp=com.example.dogglers/androidx.test.core.app.InstrumentationActivityInvoker$BootstrapActivity } baseActivity=ComponentInfo{com.example.dogglers/androidx.test.core.app.InstrumentationActivityInvoker$BootstrapActivity} topActivity=ComponentInfo{com.example.dogglers/androidx.test.core.app.InstrumentationActivityInvoker$EmptyActivity} origActivity=null realActivity=ComponentInfo{com.example.dogglers/androidx.test.core.app.InstrumentationActivityInvoker$BootstrapActivity} numActivities=3 lastActiveTime=268305498 supportsSplitScreenMultiWindow=true supportsMultiWindow=true resizeMode=1 isResizeable=true token=WCT{android.window.IWindowContainerToken$Stub$Proxy@fdf51b} topActivityType=1 pictureInPictureParams=PictureInPictureParams( aspectRatio=null sourceRectHint=null hasSetActions=false isAutoPipEnabled=false isSeamlessResizeEnabled=true) displayCutoutSafeInsets=Rect(0, 102 - 0, 0) topActivityInfo=ActivityInfo{ab1c6b8 androidx.test.core.app.InstrumentationActivityInvoker$EmptyActivity} launchCookies=[] positionInParent=Point(0, 0) parentTaskId=-1 isFocused=true isVisible=true topActivityInSizeCompat=false locusId= null windowMode=0}
10-17 01:01:50.847  2923  3294 W RecentsModel: getTaskInfoIgnoreHomeAndFreeform   taskInfo=ComponentInfo{com.example.dogglers/androidx.test.core.app.InstrumentationActivityInvoker$BootstrapActivity}
10-17 01:01:50.849  2923  3294 E ActivityManagerWrapper: get all recent tasks force including 3540
10-17 01:01:50.853  2923  3294 E ActivityManagerWrapper: getRecentTasks: size=5
10-17 01:01:50.853  2923  3294 E ActivityManagerWrapper: getRecentTasks: taskId=3540   userId=0   baseIntent=Intent { act=android.intent.action.MAIN flag=268468224 cmp=ComponentInfo{com.example.dogglers/androidx.test.core.app.InstrumentationActivityInvoker$BootstrapActivity} }
10-17 01:01:50.853  2923  3294 E ActivityManagerWrapper: getRecentTasks: taskId=3461   userId=0   baseIntent=Intent { act=android.intent.action.MAIN flag=270532608 cmp=ComponentInfo{com.android.settings/com.android.settings.MainSettings} }
10-17 01:01:50.853  2923  3294 E ActivityManagerWrapper: getRecentTasks: taskId=3497   userId=0   baseIntent=Intent { act=android.intent.action.MAIN flag=270532608 cmp=ComponentInfo{com.android.contacts/com.android.contacts.activities.TwelveKeyDialer} }
10-17 01:01:50.854  2923  3294 E ActivityManagerWrapper: getRecentTasks: taskId=3491   userId=0   baseIntent=Intent { act=android.intent.action.MAIN flag=270532608 cmp=ComponentInfo{com.google.android.apps.photos/com.google.android.apps.photos.home.HomeActivity} }
10-17 01:01:50.854  2923  3294 E ActivityManagerWrapper: getRecentTasks: taskId=3460   userId=0   baseIntent=Intent { act=android.intent.action.MAIN flag=270532608 cmp=ComponentInfo{com.zhiliaoapp.musically/com.ss.android.ugc.aweme.splash.SplashActivity} }
10-17 01:01:50.869 11812 11812 D LifecycleMonitor: Lifecycle status change: com.example.dogglers.VerticalListActivity@e1f6d2a in: STOPPED
10-17 01:01:50.870 11812 11812 V ActivityScenario: Update currentActivityStage to STOPPED, currentActivity=com.example.dogglers.VerticalListActivity@e1f6d2a
10-17 01:01:50.874  1010  3811 E ANDR-PERF-LM: ThreadHelper: thread_callback() 145: More than one pending updates!!! This should not happen. MeterMgr should avoid this case.
10-17 01:01:50.875  1010  1057 E ANDR-PERF-LM: MetaMeter: handleAsync() 166: AdaptLaunch Invalid Async
10-17 01:01:50.875  2073  4942 E ANDR-PERF-JNI: com_qualcomm_qtiperformance_native_perf_io_prefetch_start
10-17 01:01:50.875  1010  1057 E ANDR-PERF-LM: MetaMeter: handleAsync() 166: AdaptLaunch Invalid Async
10-17 01:01:50.875  1010  1057 E ANDR-PERF-LM: MetaMeter: handleAsync() 166: AdaptLaunch Invalid Async
10-17 01:01:50.880  2073  4942 D CompatibilityInfo: mCompatibilityFlags - 4
10-17 01:01:50.880  2073  4942 D CompatibilityInfo: applicationDensity - 303
10-17 01:01:50.880  2073  4942 D CompatibilityInfo: applicationScale - 1.0
10-17 01:01:50.883  1010  1057 W ANDR-PERF-LM: MetaMeter: handlePrimaryAsync() 118: AdaptLaunch MetaMeter. No MeterMgr Available to handle this Primary Async. !!!!
10-17 01:01:50.883  2073  4942 D ActivityTrigger: ActivityTrigger activityPauseTrigger
10-17 01:01:50.884  1010  1057 W ANDR-PERF-LM: MetaMeter: handlePrimaryAsync() 118: AdaptLaunch MetaMeter. No MeterMgr Available to handle this Primary Async. !!!!
10-17 01:01:50.884  1008  3824 E ANDR-IOP: io prefetch is disabled
10-17 01:01:50.892  2873  9390 I SarService: Receiver polling >>>> Change receiver mode: off
10-17 01:01:50.896 11812 11812 D DecorView[]: onWindowFocusChanged hasWindowFocus true
10-17 01:01:50.898  4592  4592 I GoogleInputMethodService: GoogleInputMethodService.onFinishInput():3280
10-17 01:01:50.899  4592  4592 I GoogleInputMethodService: GoogleInputMethodService.updateDeviceLockedStatus():2169 repeatCheckTimes = 0, unlocked = true
10-17 01:01:50.899  4592  4592 I GoogleInputMethodService: GoogleInputMethodService.onStartInput():1960 onStartInput(EditorInfo{inputType=0x0(NULL) imeOptions=0x0 privateImeOptions=null actionName=UNSPECIFIED actionLabel=null actionId=0 initialSelStart=-1 initialSelEnd=-1 initialCapsMode=0x0 hintText=null label=null packageName=com.example.dogglers fieldId=-1 fieldName=null extras=null}, false)
10-17 01:01:50.899  4592  4592 I GoogleInputMethodService: GoogleInputMethodService.shouldHideHeaderOnInitialState():4081 ShouldHideHeaderOnInitialState = false
10-17 01:01:50.900  4592  4592 I GoogleInputMethodService: GoogleInputMethodService.updateDeviceLockedStatus():2169 repeatCheckTimes = 2, unlocked = true
10-17 01:01:50.901 11812 11812 D LifecycleMonitor: Lifecycle status change: com.example.dogglers.VerticalListActivity@e1f6d2a in: DESTROYED
10-17 01:01:50.902 11812 11812 V ActivityScenario: Update currentActivityStage to DESTROYED, currentActivity=null
10-17 01:01:50.907  2073  3092 W InputManager-JNI: Input channel object '6cc6d65 com.example.dogglers/com.example.dogglers.VerticalListActivity (client)' was disposed without first being removed with the input manager!
10-17 01:01:50.918 11812 11812 D LifecycleMonitor: Lifecycle status change: androidx.test.core.app.InstrumentationActivityInvoker$EmptyActivity@c06160a in: PAUSED
10-17 01:01:50.919 11812 11812 V ActivityScenario: Activity lifecycle changed event received but ignored because the intent does not match. startActivityIntent=Intent { act=android.intent.action.MAIN cat=[android.intent.category.LAUNCHER] cmp=com.example.dogglers/.VerticalListActivity }, activity.getIntent()=Intent { act=android.intent.action.MAIN cat=[android.intent.category.LAUNCHER] flg=0x10000000 cmp=com.example.dogglers/androidx.test.core.app.InstrumentationActivityInvoker$EmptyActivity }, activity=androidx.test.core.app.InstrumentationActivityInvoker$EmptyActivity@c06160a
10-17 01:01:50.922  1010  1057 W ANDR-PERF-LM: MetaMeter: handlePrimaryAsync() 118: AdaptLaunch MetaMeter. No MeterMgr Available to handle this Primary Async. !!!!
10-17 01:01:50.922  1010  1057 W ANDR-PERF-LM: MetaMeter: handlePrimaryAsync() 118: AdaptLaunch MetaMeter. No MeterMgr Available to handle this Primary Async. !!!!
10-17 01:01:50.923  1010  1057 W ANDR-PERF-LM: MetaMeter: handlePrimaryAsync() 118: PreKill MetaMeter. No MeterMgr Available to handle this Primary Async. !!!!
10-17 01:01:50.923  1010  1057 E ANDR-PERF-LM: MetaMeter: handleAsync() 166: AdaptLaunch Invalid Async
10-17 01:01:50.927  2073  4942 D CompatibilityInfo: mCompatibilityFlags - 4
10-17 01:01:50.927  2073  4942 D CompatibilityInfo: applicationDensity - 303
10-17 01:01:50.927  2073  4942 D CompatibilityInfo: applicationScale - 1.0
10-17 01:01:50.935  2073  2379 D ProcessManager: skip notify foregroundAppInfo:ApplicationInfo{ac59816 com.example.dogglers}
10-17 01:01:50.937 11812 11812 D LifecycleMonitor: Lifecycle status change: androidx.test.core.app.InstrumentationActivityInvoker$BootstrapActivity@2c03c6e in: DESTROYED
10-17 01:01:50.938 11812 11812 V ActivityScenario: Activity lifecycle changed event received but ignored because the intent does not match. startActivityIntent=Intent { act=android.intent.action.MAIN cat=[android.intent.category.LAUNCHER] cmp=com.example.dogglers/.VerticalListActivity }, activity.getIntent()=Intent { act=android.intent.action.MAIN cat=[android.intent.category.LAUNCHER] flg=0x10008000 cmp=com.example.dogglers/androidx.test.core.app.InstrumentationActivityInvoker$BootstrapActivity (has extras) }, activity=androidx.test.core.app.InstrumentationActivityInvoker$BootstrapActivity@2c03c6e
10-17 01:01:50.943   982  2315 E libnav  : AbaGetState return state 3 for feature 4
10-17 01:01:50.950 11812 11812 D LifecycleMonitor: Lifecycle status change: androidx.test.core.app.InstrumentationActivityInvoker$EmptyActivity@2ed2a4f in: PRE_ON_CREATE
10-17 01:01:50.951 11812 11812 V ActivityScenario: Activity lifecycle changed event received but ignored because the intent does not match. startActivityIntent=Intent { act=android.intent.action.MAIN cat=[android.intent.category.LAUNCHER] cmp=com.example.dogglers/.VerticalListActivity }, activity.getIntent()=Intent { act=android.intent.action.MAIN cat=[android.intent.category.LAUNCHER] flg=0x10000000 cmp=com.example.dogglers/androidx.test.core.app.InstrumentationActivityInvoker$EmptyActivity }, activity=androidx.test.core.app.InstrumentationActivityInvoker$EmptyActivity@2ed2a4f
10-17 01:01:50.955 11812 11812 D IS_CTS_MODE: false
10-17 01:01:50.955 11812 11812 D MULTI_WINDOW_SWITCH_ENABLED: false
10-17 01:01:50.957 11812 11812 D DecorView[]: getWindowModeFromSystem  windowmode is 1
10-17 01:01:50.961 11812 11812 D LifecycleMonitor: Lifecycle status change: androidx.test.core.app.InstrumentationActivityInvoker$EmptyActivity@2ed2a4f in: CREATED
10-17 01:01:50.962 11812 11812 V ActivityScenario: Activity lifecycle changed event received but ignored because the intent does not match. startActivityIntent=Intent { act=android.intent.action.MAIN cat=[android.intent.category.LAUNCHER] cmp=com.example.dogglers/.VerticalListActivity }, activity.getIntent()=Intent { act=android.intent.action.MAIN cat=[android.intent.category.LAUNCHER] flg=0x10000000 cmp=com.example.dogglers/androidx.test.core.app.InstrumentationActivityInvoker$EmptyActivity }, activity=androidx.test.core.app.InstrumentationActivityInvoker$EmptyActivity@2ed2a4f
10-17 01:01:50.963 11812 11812 D LifecycleMonitor: Lifecycle status change: androidx.test.core.app.InstrumentationActivityInvoker$EmptyActivity@2ed2a4f in: STARTED
10-17 01:01:50.964 11812 11812 V ActivityScenario: Activity lifecycle changed event received but ignored because the intent does not match. startActivityIntent=Intent { act=android.intent.action.MAIN cat=[android.intent.category.LAUNCHER] cmp=com.example.dogglers/.VerticalListActivity }, activity.getIntent()=Intent { act=android.intent.action.MAIN cat=[android.intent.category.LAUNCHER] flg=0x10000000 cmp=com.example.dogglers/androidx.test.core.app.InstrumentationActivityInvoker$EmptyActivity }, activity=androidx.test.core.app.InstrumentationActivityInvoker$EmptyActivity@2ed2a4f
10-17 01:01:50.966 11812 11812 D LifecycleMonitor: Lifecycle status change: androidx.test.core.app.InstrumentationActivityInvoker$EmptyActivity@2ed2a4f in: RESUMED
10-17 01:01:50.967 11812 11812 V ActivityScenario: Activity lifecycle changed event received but ignored because the intent does not match. startActivityIntent=Intent { act=android.intent.action.MAIN cat=[android.intent.category.LAUNCHER] cmp=com.example.dogglers/.VerticalListActivity }, activity.getIntent()=Intent { act=android.intent.action.MAIN cat=[android.intent.category.LAUNCHER] flg=0x10000000 cmp=com.example.dogglers/androidx.test.core.app.InstrumentationActivityInvoker$EmptyActivity }, activity=androidx.test.core.app.InstrumentationActivityInvoker$EmptyActivity@2ed2a4f
10-17 01:01:50.973  1010  3816 E ANDR-PERF-LM: VmRssMeter:: start() 447: Could not find pid, can not collect vmrss data
10-17 01:01:50.973  1010  3817 E ANDR-PERF-LM: VmRssMeter:: start() 447: Could not find pid, can not collect vmrss data
10-17 01:01:50.973  1010  3817 E ANDR-PERF-LM: AdaptiveLaunch: writeToDataBase() 64: Meter aborted or could not get meter data for this run
10-17 01:01:50.976  2923  2923 D RecentsImpl: mActivityStateObserver androidx.test.core.app.InstrumentationActivityInvoker$EmptyActivity
10-17 01:01:50.977  2923  2923 W RecentsImpl: onResumed className=androidx.test.core.app.InstrumentationActivityInvoker$EmptyActivity   mIsInAnotherPro=false   isKeyguardLocked=false
10-17 01:01:50.977  2923  2923 D RecentsImpl: showNavStubView
10-17 01:01:50.977  2923  3065 W RecentsImpl: disableTouchBySwipeStatusBar    disable=false
10-17 01:01:50.977  2923  2923 D NavStubView_Touch: setKeepHidden    old=false   new=false
10-17 01:01:50.977  2923  3065 D GestureStubView_Touch: disableTouchBySwipeStatusBar    old=false   new=false
10-17 01:01:50.977  2923  3065 D GestureStubView_Touch: disableTouchBySwipeStatusBar    old=false   new=false
10-17 01:01:50.977  2923  3065 W RecentsImpl: disableBackStubWindow    disableTouch=false
10-17 01:01:50.977  2923  3065 D GestureStubView_Touch: disableTouch    old=false   new=false
10-17 01:01:50.977  2923  3065 D GestureStubView_Touch: disableTouch    old=false   new=false
10-17 01:01:50.977  2923  3065 D RecentsImpl: showBackStubWindow  hasNavigationBar=true
10-17 01:01:50.978  2923  3065 D GestureStubView_Touch: setKeepHidden    old=false   new=false
10-17 01:01:50.978  2923  3065 W GestureStubView: adaptRotation   currentRotation=0   mRotation=0
10-17 01:01:50.978  2923  3065 D GestureStubView: resetRenderProperty: showGestureStub   isLayoutParamChanged=false
10-17 01:01:50.978  2923  3065 D GestureStubView_Touch: disableTouch    old=false   new=false
10-17 01:01:50.978  2923  3065 D GestureStubView: showGestureStub
10-17 01:01:50.978  2923  3065 D GestureStubView_Touch: setKeepHidden    old=false   new=false
10-17 01:01:50.978  2923  3065 W GestureStubView: adaptRotation   currentRotation=0   mRotation=0
10-17 01:01:50.978  2923  3065 D GestureStubView: resetRenderProperty: showGestureStub   isLayoutParamChanged=false
10-17 01:01:50.978  2923  3065 D GestureStubView_Touch: disableTouch    old=false   new=false
10-17 01:01:50.978  2923  3065 D GestureStubView: showGestureStub
10-17 01:01:50.982  2923  3065 D GestureStubView: gatherTransparentRegion: need render w:54  h:1440
10-17 01:01:50.982  2923  3065 D GestureStubView: gatherTransparentRegion: need render w:54  h:1440
10-17 01:01:51.011 11812 11812 D DecorView[]: onWindowFocusChanged hasWindowFocus false
10-17 01:01:51.014  1010  3811 E ANDR-PERF-LM: ThreadHelper: thread_callback() 145: More than one pending updates!!! This should not happen. MeterMgr should avoid this case.
10-17 01:01:51.018  2073  2146 I ActivityTaskManager: Displayed com.example.dogglers/androidx.test.core.app.InstrumentationActivityInvoker$EmptyActivity: +143ms
10-17 01:01:51.019  1010  3811 E ANDR-PERF-LM: ThreadHelper: thread_callback() 145: More than one pending updates!!! This should not happen. MeterMgr should avoid this case.
10-17 01:01:51.026 11812 11812 D LifecycleMonitor: Lifecycle status change: androidx.test.core.app.InstrumentationActivityInvoker$EmptyActivity@c06160a in: STOPPED
10-17 01:01:51.027 11812 11812 V ActivityScenario: Activity lifecycle changed event received but ignored because the intent does not match. startActivityIntent=Intent { act=android.intent.action.MAIN cat=[android.intent.category.LAUNCHER] cmp=com.example.dogglers/.VerticalListActivity }, activity.getIntent()=Intent { act=android.intent.action.MAIN cat=[android.intent.category.LAUNCHER] flg=0x10000000 cmp=com.example.dogglers/androidx.test.core.app.InstrumentationActivityInvoker$EmptyActivity }, activity=androidx.test.core.app.InstrumentationActivityInvoker$EmptyActivity@c06160a
10-17 01:01:51.038  2073  5209 D ActivityTrigger: ActivityTrigger activityPauseTrigger
10-17 01:01:51.041  1010  3810 E ANDR-PERF-LM: StatsProvider: stats_nl_error_callback() 115: NL SOC receive error: No such process
10-17 01:01:51.041  1010  3810 E ANDR-PERF-LM: StatsProvider: sendRecvData() 272: nl_recvmsgs failed return=-12
10-17 01:01:51.041  1010  3810 E ANDR-PERF-LM: StatsProvider: getPIDStats() 124: sendRecvData returned error = -4
10-17 01:01:51.043  2923  8235 D RecentsModel: onTaskStackChangedBackground
10-17 01:01:51.044  2923  3294 D RecentsModel: onTaskStackChangedBackground    MSG_TASK_STACK_CHANGE
10-17 01:01:51.044  2923  3294 D RecentsModel: preloadRecents
10-17 01:01:51.044  2923  3294 W RecentsModel: getRunningTask
10-17 01:01:51.046  6468  9432 I MultiScreenObserver: onTaskStackChanged, splitScreenMode: false isCameraFloat: false isSmallScreen: false
10-17 01:01:51.050  2923  3294 W RecentsModel: getRunningTask   taskInfo=TaskInfo{userId=0 taskId=3461 displayId=0 isRunning=true baseIntent=Intent { act=android.intent.action.MAIN cat=[android.intent.category.LAUNCHER] flg=0x10200000 cmp=com.android.settings/.MainSettings } baseActivity=ComponentInfo{com.android.settings/com.android.settings.MainSettings} topActivity=ComponentInfo{com.android.settings/com.android.settings.SubSettings} origActivity=ComponentInfo{com.android.settings/com.android.settings.MainSettings} realActivity=ComponentInfo{com.android.settings/com.android.settings.MiuiSettings} numActivities=4 lastActiveTime=268305699 supportsSplitScreenMultiWindow=true supportsMultiWindow=true resizeMode=1 isResizeable=true token=WCT{android.window.IWindowContainerToken$Stub$Proxy@28ddc91} topActivityType=1 pictureInPictureParams=null displayCutoutSafeInsets=Rect(0, 102 - 0, 0) topActivityInfo=ActivityInfo{8c147f6 com.android.settings.SubSettings} launchCookies=[] positionInParent=Point(0, 0) parentTaskId=-1 isFocused=false isVisible=false topActivityInSizeCompat=false locusId= null windowMode=0}
10-17 01:01:51.050  2923  3294 W RecentsModel: getTaskInfoIgnoreHomeAndFreeform   taskInfo=ComponentInfo{com.android.settings/com.android.settings.MainSettings}
10-17 01:01:51.051  2923  3294 E ActivityManagerWrapper: get all recent tasks force including 3461
10-17 01:01:51.051  2923  2923 D EventBus: No subscribers registered for event class com.miui.home.recents.messages.TaskSnapshotChangedEvent
10-17 01:01:51.051  2923  2923 D EventBus: No subscribers registered for event class org.greenrobot.eventbus.NoSubscriberEvent
10-17 01:01:51.056  2923  3294 E ActivityManagerWrapper: getRecentTasks: size=5
10-17 01:01:51.056  2923  3294 E ActivityManagerWrapper: getRecentTasks: taskId=3540   userId=0   baseIntent=Intent { act=android.intent.action.MAIN flag=268468224 cmp=ComponentInfo{com.example.dogglers/androidx.test.core.app.InstrumentationActivityInvoker$BootstrapActivity} }
10-17 01:01:51.056  2923  3294 E ActivityManagerWrapper: getRecentTasks: taskId=3461   userId=0   baseIntent=Intent { act=android.intent.action.MAIN flag=270532608 cmp=ComponentInfo{com.android.settings/com.android.settings.MainSettings} }
10-17 01:01:51.057  2923  3294 E ActivityManagerWrapper: getRecentTasks: taskId=3497   userId=0   baseIntent=Intent { act=android.intent.action.MAIN flag=270532608 cmp=ComponentInfo{com.android.contacts/com.android.contacts.activities.TwelveKeyDialer} }
10-17 01:01:51.057  2923  3294 E ActivityManagerWrapper: getRecentTasks: taskId=3491   userId=0   baseIntent=Intent { act=android.intent.action.MAIN flag=270532608 cmp=ComponentInfo{com.google.android.apps.photos/com.google.android.apps.photos.home.HomeActivity} }
10-17 01:01:51.057  2923  3294 E ActivityManagerWrapper: getRecentTasks: taskId=3460   userId=0   baseIntent=Intent { act=android.intent.action.MAIN flag=270532608 cmp=ComponentInfo{com.zhiliaoapp.musically/com.ss.android.ugc.aweme.splash.SplashActivity} }
10-17 01:01:51.060  2073  2331 I MiuiNetworkPolicy: updateUidState uid = 10154, uidState = 3
10-17 01:01:51.060 11812 11812 D LifecycleMonitor: Lifecycle status change: androidx.test.core.app.InstrumentationActivityInvoker$EmptyActivity@c06160a in: DESTROYED
10-17 01:01:51.061 11812 11812 V ActivityScenario: Activity lifecycle changed event received but ignored because the intent does not match. startActivityIntent=Intent { act=android.intent.action.MAIN cat=[android.intent.category.LAUNCHER] cmp=com.example.dogglers/.VerticalListActivity }, activity.getIntent()=Intent { act=android.intent.action.MAIN cat=[android.intent.category.LAUNCHER] flg=0x10000000 cmp=com.example.dogglers/androidx.test.core.app.InstrumentationActivityInvoker$EmptyActivity }, activity=androidx.test.core.app.InstrumentationActivityInvoker$EmptyActivity@c06160a
10-17 01:01:51.061  2535  2657 D AppScoutStateMachine: 2535-ScoutStateMachinecreated
10-17 01:01:51.062  2073  2213 W InputManager-JNI: Input channel object '4320966 com.example.dogglers/androidx.test.core.app.InstrumentationActivityInvoker$EmptyActivity (client)' was disposed without first being removed with the input manager!
10-17 01:01:51.079 11812 11812 D LifecycleMonitor: Lifecycle status change: androidx.test.core.app.InstrumentationActivityInvoker$EmptyActivity@2ed2a4f in: PAUSED
10-17 01:01:51.080 11812 11812 V ActivityScenario: Activity lifecycle changed event received but ignored because the intent does not match. startActivityIntent=Intent { act=android.intent.action.MAIN cat=[android.intent.category.LAUNCHER] cmp=com.example.dogglers/.VerticalListActivity }, activity.getIntent()=Intent { act=android.intent.action.MAIN cat=[android.intent.category.LAUNCHER] flg=0x10000000 cmp=com.example.dogglers/androidx.test.core.app.InstrumentationActivityInvoker$EmptyActivity }, activity=androidx.test.core.app.InstrumentationActivityInvoker$EmptyActivity@2ed2a4f
10-17 01:01:51.092  2873  9390 I SarService: Receiver polling >>>> Change receiver mode: off
10-17 01:01:51.095 11812 11812 D DecorView[]: onWindowFocusChanged hasWindowFocus false
10-17 01:01:51.097 11812 11833 I TestRunner: finished: recycler_view_item_count(com.example.dogglers.VerticalListTests)
